Resolving dependencies in `/Users/ahmeturel/Projects/oss/jet-cad`...
Downloading packages...
  _fe_analyzer_shared 103.0.0 (105.0.0 available)
  analyzer 13.3.0 (14.1.0 available)
  clock 1.1.2 (1.1.3 available)
  code_assets 1.2.1 (2.0.0 available)
  hooks 2.1.0 (2.2.0 available)
  lucide_icons_flutter 3.1.15 (3.1.17 available)
  material_color_utilities 0.13.0 (0.13.1 available)
  mime 2.0.0 (2.1.0 available)
  objective_c 9.5.0 (9.6.0 available)
  package_config 2.2.0 (3.0.0 available)
  pool 1.5.2 (1.5.3 available)
  process 5.0.5 (5.0.6 available)
  record_use 1.1.0 (1.1.1 available)
  shadcn_ui 0.55.1 (0.56.2 available)
  source_maps 0.10.13 (0.10.14 available)
  stack_trace 1.12.1 (1.12.2 available)
  test 1.31.1 (1.31.2 available)
  test_api 0.7.12 (0.7.13 available)
  test_core 0.6.18 (0.6.19 available)
  vm_service 15.2.0 (15.3.0 available)
  yaml 3.1.3 (3.1.4 available)
Got dependencies in `/Users/ahmeturel/Projects/oss/jet-cad`!
21 packages have newer versions incompatible with dependency constraints.
Try `flutter pub outdated` for more information.
Launching lib/main.dart on macOS in profile mode...
Building macOS application...                                   
✓ Built build/macos/Build/Products/Profile/dev_harness_2d.app (60.9MB)
[IMPORTANT:flutter/shell/platform/embedder/embedder_surface_metal_impeller.mm(53)] Using the Impeller rendering backend (MetalSDF).
R2 app-run: JC_WINDOW=800x600
Failed to foreground app; open returned 1

Flutter run key commands.
h List all available interactive commands.
c Clear the screen
q Quit (terminate the application on the device).

A Dart VM Service on macOS is available at: http://127.0.0.1:60665/aRmjiEIh_Mo=/
The Flutter DevTools debugger and profiler on macOS is available at: http://127.0.0.1:60665/aRmjiEIh_Mo=/devtools/?uri=ws://127.0.0.1:60665/aRmjiEIh_Mo=/ws
flutter: R2 app-run: driving started
flutter: R2 app-run: window=800x600 dpr=2.0
flutter: R2 (50000) frames=236
flutter:   build  p50=0.22ms p95=6.70ms max=11.00ms mean=0.88ms
flutter:   raster p50=0.67ms p95=1.57ms max=5.61ms mean=0.76ms
flutter:   total  p50=1.11ms p95=10.23ms max=650.06ms mean=4.69ms
flutter:   lineweightScale=1.0
flutter:   screenSpaceLeafCount=1867 dashSpans=38932 collapsed=221 canvasCalls=0 (screenSpaceLeafCount/dashSpans/collapsed: last paint() call only under TILES=on, not the frame total -- see the tile probe for a frame figure; canvasCalls is unaffected)
flutter:   fills=0 skippedFills=0
flutter:   tiles=on tilePx=512 bakeBudgetPx=262144 bakeBudgetTiles=1 liveTiles=12 generation=122 carryOver=false
flutter:   bakes=0 blits=12 carryOverBlits=0 liveDraws=0 blitDests=12 evictions=0(life) invalidations=0(life) tileBytes=12582912
flutter:   backend=vertices triangles=0 drawVerticesCalls=0 capacityVertices=33554432 capacityMiB=384.00
flutter:   text: corpus=off draw=on minTextCapPixels=3.0 textOps=0 skippedText=0 culledText=0
flutter:   paragraphs: newLayouts=0 newParagraphEvictions=0 newMetricsEvictions=0 liveParagraphs=0 liveMetrics=1
flutter:   tile warm: frames=1 liveTiles=12 tileBytes=12582912 evictions=0(life) capacityVertices=33554432 capacityMiB=384.00
flutter:   tile hold frames=63
flutter:   build  p50=0.10ms p95=0.41ms max=26.18ms mean=0.58ms
flutter:   raster p50=0.33ms p95=1.16ms max=1.56ms mean=0.54ms
flutter:   total  p50=0.58ms p95=1.72ms max=30.57ms mean=1.66ms
flutter:     bakeFrames=0/60 maxBakesInAFrame=0
flutter:     bakes=0 perFrame=0.000 blits=720 carryOverBlits=0 liveDraws=0 newEvictions=0 liveTiles=12 tileBytes=12582912
flutter:     capacityVertices=33554432 capacityMiB=384.00
flutter:   tile pan step: dx=-7.0000 dy=-3.0000 magnitude=7.6158
flutter:   tile pan frames=128
flutter:   build  p50=0.14ms p95=5.15ms max=13.22ms mean=0.77ms
flutter:   raster p50=0.36ms p95=1.18ms max=2.88ms mean=0.53ms
flutter:   total  p50=0.68ms p95=6.83ms max=16.60ms mean=1.57ms
flutter:     bakeFrames=14/120 maxBakesInAFrame=1
flutter:     bakes=14 perFrame=0.117 blits=1582 carryOverBlits=0 liveDraws=10 newEvictions=0 liveTiles=26 tileBytes=27262976
flutter:     capacityVertices=33554432 capacityMiB=384.00
flutter:   tile probe: tilePx=512 dpr=2.0 viewport=800x600 tileLogical=256.0 pad=32.0
flutter:     tiles=12 liveLeaves=2110 tileLeaves=7233 overdraw=3.428 areaFactor=1.563
flutter:     liveWalkMs=18.65 tileWalkMsTotal=32.06 walkMsPerTile=2.671 visibleSetBytes=12582912
flutter: R2 tile pan: ZOOM_MODE=criterion8 -- 2 repeats of arm A then arm B, interleaved, in one session, around the **tile pan** phase and NOT the zoom phase. Criterion 8 re-measures Plan 3h's criterion 3, which 3h measured on `tile pan`: that is where the live fallback runs and where Plan 3h's M4 bites. The statistic is `tile pan` p95, per arm, and `tile hold` beside it is the control M4 cannot touch. Arm B is Plan 3h's M4 as a runtime flag, not this plan's M4.
flutter: R2 tile pan c8 repeat 1/2 arm A [debugFullViewportQuery=false] narrow band query -- criterion 8's numerator (50000) arm start: tilesAfterPurge=0 warmFrames=5 warmBakes=3 (the camera and generation this arm holds and pans from; a working purge reads 0 tiles and then warms from cold)
flutter: R2 tile pan c8 repeat 1/2 arm A [debugFullViewportQuery=false] narrow band query -- criterion 8's numerator (50000) tile hold frames=60 p50=1.13ms p95=2.18ms max=2.23ms mean=1.17ms (CONTROL: Plan 3h's M4 cannot touch a phase with no live fallback, so a systematic arm-to-arm difference here is session drift)
flutter: R2 tile pan c8 repeat 1/2 arm A [debugFullViewportQuery=false] narrow band query -- criterion 8's numerator (50000)   hold bakes=0 liveDraws=0
flutter: R2 tile pan c8 repeat 1/2 arm A [debugFullViewportQuery=false] narrow band query -- criterion 8's numerator (50000) tile pan frames=120 p50=0.83ms p95=8.64ms max=15.60ms mean=1.92ms (criterion 8's statistic is this p95, the same statistic Plan 3h's criterion 3 was scored on)
flutter: R2 tile pan c8 repeat 1/2 arm A [debugFullViewportQuery=false] narrow band query -- criterion 8's numerator (50000)   pan bakeFrames=14/120 maxBakesInAFrame=1 bakes=14 blits=1582 carryOverBlits=0 liveDraws=10 newEvictions=0 liveTiles=26 tileBytes=27262976
flutter: R2 tile pan c8 repeat 1/2 arm B [debugFullViewportQuery=true] full-viewport query (Plan 3h's M4) -- criterion 8's denominator (50000) arm start: tilesAfterPurge=0 warmFrames=5 warmBakes=3 (the camera and generation this arm holds and pans from; a working purge reads 0 tiles and then warms from cold)
flutter: R2 tile pan c8 repeat 1/2 arm B [debugFullViewportQuery=true] full-viewport query (Plan 3h's M4) -- criterion 8's denominator (50000) tile hold frames=60 p50=0.61ms p95=1.87ms max=3.22ms mean=0.88ms (CONTROL: Plan 3h's M4 cannot touch a phase with no live fallback, so a systematic arm-to-arm difference here is session drift)
flutter: R2 tile pan c8 repeat 1/2 arm B [debugFullViewportQuery=true] full-viewport query (Plan 3h's M4) -- criterion 8's denominator (50000)   hold bakes=0 liveDraws=0
flutter: R2 tile pan c8 repeat 1/2 arm B [debugFullViewportQuery=true] full-viewport query (Plan 3h's M4) -- criterion 8's denominator (50000) tile pan frames=120 p50=0.55ms p95=27.41ms max=36.81ms mean=3.10ms (criterion 8's statistic is this p95, the same statistic Plan 3h's criterion 3 was scored on)
flutter: R2 tile pan c8 repeat 1/2 arm B [debugFullViewportQuery=true] full-viewport query (Plan 3h's M4) -- criterion 8's denominator (50000)   pan bakeFrames=14/120 maxBakesInAFrame=1 bakes=14 blits=1582 carryOverBlits=0 liveDraws=10 newEvictions=0 liveTiles=26 tileBytes=27262976
flutter: R2 tile pan c8 repeat 2/2 arm A [debugFullViewportQuery=false] narrow band query -- criterion 8's numerator (50000) arm start: tilesAfterPurge=0 warmFrames=5 warmBakes=3 (the camera and generation this arm holds and pans from; a working purge reads 0 tiles and then warms from cold)
flutter: R2 tile pan c8 repeat 2/2 arm A [debugFullViewportQuery=false] narrow band query -- criterion 8's numerator (50000) tile hold frames=60 p50=1.20ms p95=1.99ms max=2.15ms mean=1.14ms (CONTROL: Plan 3h's M4 cannot touch a phase with no live fallback, so a systematic arm-to-arm difference here is session drift)
flutter: R2 tile pan c8 repeat 2/2 arm A [debugFullViewportQuery=false] narrow band query -- criterion 8's numerator (50000)   hold bakes=0 liveDraws=0
flutter: R2 tile pan c8 repeat 2/2 arm A [debugFullViewportQuery=false] narrow band query -- criterion 8's numerator (50000) tile pan frames=120 p50=1.04ms p95=11.39ms max=18.80ms mean=2.12ms (criterion 8's statistic is this p95, the same statistic Plan 3h's criterion 3 was scored on)
flutter: R2 tile pan c8 repeat 2/2 arm A [debugFullViewportQuery=false] narrow band query -- criterion 8's numerator (50000)   pan bakeFrames=14/120 maxBakesInAFrame=1 bakes=14 blits=1582 carryOverBlits=0 liveDraws=10 newEvictions=0 liveTiles=26 tileBytes=27262976
flutter: R2 tile pan c8 repeat 2/2 arm B [debugFullViewportQuery=true] full-viewport query (Plan 3h's M4) -- criterion 8's denominator (50000) arm start: tilesAfterPurge=0 warmFrames=5 warmBakes=3 (the camera and generation this arm holds and pans from; a working purge reads 0 tiles and then warms from cold)
flutter: R2 tile pan c8 repeat 2/2 arm B [debugFullViewportQuery=true] full-viewport query (Plan 3h's M4) -- criterion 8's denominator (50000) tile hold frames=60 p50=0.83ms p95=1.86ms max=1.99ms mean=0.93ms (CONTROL: Plan 3h's M4 cannot touch a phase with no live fallback, so a systematic arm-to-arm difference here is session drift)
flutter: R2 tile pan c8 repeat 2/2 arm B [debugFullViewportQuery=true] full-viewport query (Plan 3h's M4) -- criterion 8's denominator (50000)   hold bakes=0 liveDraws=0
flutter: R2 tile pan c8 repeat 2/2 arm B [debugFullViewportQuery=true] full-viewport query (Plan 3h's M4) -- criterion 8's denominator (50000) tile pan frames=120 p50=0.68ms p95=27.20ms max=39.75ms mean=3.30ms (criterion 8's statistic is this p95, the same statistic Plan 3h's criterion 3 was scored on)
flutter: R2 tile pan c8 repeat 2/2 arm B [debugFullViewportQuery=true] full-viewport query (Plan 3h's M4) -- criterion 8's denominator (50000)   pan bakeFrames=14/120 maxBakesInAFrame=1 bakes=14 blits=1582 carryOverBlits=0 liveDraws=10 newEvictions=0 liveTiles=26 tileBytes=27262976
flutter: R2 app-run: done
Application finished.
