Resolving dependencies in `/Users/ahmeturel/Projects/oss/jet-cad`...
Downloading packages...
  _fe_analyzer_shared 103.0.0 (105.0.0 available)
  analyzer 13.3.0 (14.1.0 available)
  clock 1.1.2 (1.1.3 available)
  code_assets 1.2.1 (2.0.0 available)
  hooks 2.1.0 (2.2.0 available)
  lucide_icons_flutter 3.1.15 (3.1.17 available)
  material_color_utilities 0.13.0 (0.13.1 available)
  mime 2.0.0 (2.1.0 available)
  objective_c 9.5.0 (9.6.0 available)
  package_config 2.2.0 (3.0.0 available)
  pool 1.5.2 (1.5.3 available)
  process 5.0.5 (5.0.6 available)
  record_use 1.1.0 (1.1.1 available)
  shadcn_ui 0.55.1 (0.56.2 available)
  source_maps 0.10.13 (0.10.14 available)
  stack_trace 1.12.1 (1.12.2 available)
  test 1.31.1 (1.31.2 available)
  test_api 0.7.12 (0.7.13 available)
  test_core 0.6.18 (0.6.19 available)
  vm_service 15.2.0 (15.3.0 available)
  yaml 3.1.3 (3.1.4 available)
Got dependencies in `/Users/ahmeturel/Projects/oss/jet-cad`!
21 packages have newer versions incompatible with dependency constraints.
Try `flutter pub outdated` for more information.
Launching lib/main.dart on macOS in profile mode...
Building macOS application...                                   
✓ Built build/macos/Build/Products/Profile/dev_harness_2d.app (60.9MB)
[IMPORTANT:flutter/shell/platform/embedder/embedder_surface_metal_impeller.mm(53)] Using the Impeller rendering backend (MetalSDF).
R2 app-run: JC_WINDOW=800x600
Failed to foreground app; open returned 1

Flutter run key commands.
h List all available interactive commands.
c Clear the screen
q Quit (terminate the application on the device).

A Dart VM Service on macOS is available at: http://127.0.0.1:59023/nIKIERBV4oY=/
The Flutter DevTools debugger and profiler on macOS is available at: http://127.0.0.1:59023/nIKIERBV4oY=/devtools/?uri=ws://127.0.0.1:59023/nIKIERBV4oY=/ws
flutter: R2 app-run: driving started
flutter: R2 app-run: window=800x600 dpr=2.0
flutter: R2 (500000) frames=241
flutter:   build  p50=0.20ms p95=14.59ms max=32.20ms mean=1.78ms
flutter:   raster p50=0.59ms p95=2.48ms max=12.15ms mean=0.85ms
flutter:   total  p50=0.97ms p95=20.08ms max=1908.78ms mean=11.07ms
flutter:   lineweightScale=1.0
flutter:   screenSpaceLeafCount=3978 dashSpans=115140 collapsed=298 canvasCalls=0 (screenSpaceLeafCount/dashSpans/collapsed: last paint() call only under TILES=on, not the frame total -- see the tile probe for a frame figure; canvasCalls is unaffected)
flutter:   fills=0 skippedFills=0
flutter:   tiles=on tilePx=512 bakeBudgetPx=262144 bakeBudgetTiles=1 liveTiles=12 generation=122 carryOver=false
flutter:   bakes=0 blits=12 carryOverBlits=0 liveDraws=0 blitDests=12 evictions=0(life) invalidations=0(life) tileBytes=12582912
flutter:   backend=vertices triangles=0 drawVerticesCalls=0 capacityVertices=67108864 capacityMiB=768.00
flutter:   text: corpus=off draw=on minTextCapPixels=3.0 textOps=0 skippedText=0 culledText=0
flutter:   paragraphs: newLayouts=0 newParagraphEvictions=0 newMetricsEvictions=0 liveParagraphs=0 liveMetrics=1
flutter:   tile warm: frames=1 liveTiles=12 tileBytes=12582912 evictions=0(life) capacityVertices=67108864 capacityMiB=768.00
flutter:   tile hold frames=52
flutter:   build  p50=0.23ms p95=0.42ms max=0.53ms mean=0.21ms
flutter:   raster p50=0.78ms p95=1.07ms max=1.28ms mean=0.59ms
flutter:   total  p50=1.16ms p95=1.74ms max=2.06ms mean=0.95ms
flutter:     bakeFrames=0/60 maxBakesInAFrame=0
flutter:     bakes=0 perFrame=0.000 blits=720 carryOverBlits=0 liveDraws=0 newEvictions=0 liveTiles=12 tileBytes=12582912
flutter:     capacityVertices=67108864 capacityMiB=768.00
flutter:   tile pan step: dx=-7.0000 dy=-3.0000 magnitude=7.6158
flutter:   tile pan frames=130
flutter:   build  p50=0.15ms p95=13.69ms max=29.83ms mean=1.77ms
flutter:   raster p50=0.42ms p95=1.54ms max=3.75ms mean=0.57ms
flutter:   total  p50=0.76ms p95=20.90ms max=38.52ms mean=3.34ms
flutter:     bakeFrames=14/120 maxBakesInAFrame=1
flutter:     bakes=14 perFrame=0.117 blits=1582 carryOverBlits=0 liveDraws=10 newEvictions=0 liveTiles=26 tileBytes=27262976
flutter:     capacityVertices=67108864 capacityMiB=768.00
flutter:   tile probe: tilePx=512 dpr=2.0 viewport=800x600 tileLogical=256.0 pad=32.0
flutter:     tiles=12 liveLeaves=4395 tileLeaves=17977 overdraw=4.090 areaFactor=1.563
flutter:     liveWalkMs=32.68 tileWalkMsTotal=70.80 walkMsPerTile=5.900 visibleSetBytes=12582912
flutter: R2 tile zoom: ZOOM_MODE=plain -- 4 repeats of the pinned script in ONE configuration (no measurement flag flipped). This is criterion 2 only. It is NOT criterion 4 or criterion 8: those need two arms interleaved, and are ZOOM_MODE=criterion4 and ZOOM_MODE=criterion8.
flutter: R2 tile zoom plain repeat 1/4 [debugRestBakeDisabled=false debugFullViewportQuery=false] criterion 2 only, NOT an interleaved arm (500000) gestureFrames=80 p50=1.11ms p95=1.46ms max=1.69ms mean=1.04ms
flutter: R2 tile zoom plain repeat 1/4 [debugRestBakeDisabled=false debugFullViewportQuery=false] criterion 2 only, NOT an interleaved arm (500000)   gestureBakes=0(tiles, budgeted path) gestureLiveDraws=0
flutter: R2 tile zoom plain repeat 1/4 [debugRestBakeDisabled=false debugFullViewportQuery=false] criterion 2 only, NOT an interleaved arm (500000)   settleFrames=2 covered=true settleWallMs=92.09(criterion 4, wall clock over the settle) coveringFrameMs=91.10(criterion 3, that one frame)
flutter: R2 tile zoom plain repeat 2/4 [debugRestBakeDisabled=false debugFullViewportQuery=false] criterion 2 only, NOT an interleaved arm (500000) gestureFrames=80 p50=1.32ms p95=1.86ms max=3.96ms mean=1.33ms
flutter: R2 tile zoom plain repeat 2/4 [debugRestBakeDisabled=false debugFullViewportQuery=false] criterion 2 only, NOT an interleaved arm (500000)   gestureBakes=0(tiles, budgeted path) gestureLiveDraws=0
flutter: R2 tile zoom plain repeat 2/4 [debugRestBakeDisabled=false debugFullViewportQuery=false] criterion 2 only, NOT an interleaved arm (500000)   settleFrames=2 covered=true settleWallMs=93.29(criterion 4, wall clock over the settle) coveringFrameMs=92.19(criterion 3, that one frame)
flutter: R2 tile zoom plain repeat 3/4 [debugRestBakeDisabled=false debugFullViewportQuery=false] criterion 2 only, NOT an interleaved arm (500000) gestureFrames=80 p50=1.13ms p95=1.59ms max=1.81ms mean=0.98ms
flutter: R2 tile zoom plain repeat 3/4 [debugRestBakeDisabled=false debugFullViewportQuery=false] criterion 2 only, NOT an interleaved arm (500000)   gestureBakes=0(tiles, budgeted path) gestureLiveDraws=0
flutter: R2 tile zoom plain repeat 3/4 [debugRestBakeDisabled=false debugFullViewportQuery=false] criterion 2 only, NOT an interleaved arm (500000)   settleFrames=2 covered=true settleWallMs=89.00(criterion 4, wall clock over the settle) coveringFrameMs=87.18(criterion 3, that one frame)
flutter: R2 tile zoom plain repeat 4/4 [debugRestBakeDisabled=false debugFullViewportQuery=false] criterion 2 only, NOT an interleaved arm (500000) gestureFrames=80 p50=1.34ms p95=1.78ms max=6.06ms mean=1.35ms
flutter: R2 tile zoom plain repeat 4/4 [debugRestBakeDisabled=false debugFullViewportQuery=false] criterion 2 only, NOT an interleaved arm (500000)   gestureBakes=0(tiles, budgeted path) gestureLiveDraws=0
flutter: R2 tile zoom plain repeat 4/4 [debugRestBakeDisabled=false debugFullViewportQuery=false] criterion 2 only, NOT an interleaved arm (500000)   settleFrames=2 covered=true settleWallMs=86.75(criterion 4, wall clock over the settle) coveringFrameMs=85.38(criterion 3, that one frame)
flutter: R2 app-run: done
Application finished.
