Resolving dependencies in `/Users/ahmeturel/Projects/oss/jet-cad/.worktrees/plan-f-rebuild-and-band`...
Downloading packages...
  _fe_analyzer_shared 103.0.0 (107.0.0 available)
  analyzer 13.3.0 (14.3.0 available)
  code_assets 1.2.1 (2.0.0 available)
  material_color_utilities 0.13.0 (0.13.1 available)
  objective_c 9.5.0 (9.6.0 available)
  package_config 2.2.0 (3.0.0 available)
  shadcn_ui 0.55.1 (0.56.3 available)
  test 1.31.1 (1.32.0 available)
  test_api 0.7.12 (0.7.14 available)
  test_core 0.6.18 (0.6.20 available)
Got dependencies in `/Users/ahmeturel/Projects/oss/jet-cad/.worktrees/plan-f-rebuild-and-band`!
10 packages have newer versions incompatible with dependency constraints.
Try `flutter pub outdated` for more information.
Launching lib/main.dart on macOS in profile mode...
Building macOS application...                                   
✓ Built build/macos/Build/Products/Profile/dev_harness_2d.app (72.0MB)
[IMPORTANT:flutter/shell/platform/embedder/embedder_surface_metal_impeller.mm(53)] Using the Impeller rendering backend (MetalSDF).
R2 app-run: JC_WINDOW=1400x900
Failed to foreground app; open returned 1

Flutter run key commands.
h List all available interactive commands.
c Clear the screen
q Quit (terminate the application on the device).

A Dart VM Service on macOS is available at: http://127.0.0.1:65030/rDSc2FJNihs=/
The Flutter DevTools debugger and profiler on macOS is available at: http://127.0.0.1:65030/rDSc2FJNihs=/devtools/?uri=ws://127.0.0.1:65030/rDSc2FJNihs=/ws
flutter: GSPIKE collect+upload: walk 7.2 ms, total 16.7 ms, instances=106852, buffer=6.79 MB, skippedOps=0, textOps=165 patches=87 subBuffer=0.27 MB patchTargets=1.77 MB classify=6.3 ms
flutter: GSPIKE run: entities=10000 instances=106852 viewport=1400x900 frames=30 repeats=3
flutter: GSPIKE note: arm C (residentGpu) draws strokes, joins, points, circles, arcs, shaded dashes, (since Plan D) fills and (since Plan E) text -- 0 op(s) this walk did not draw. Text is drawn through the compositor: resident labels position from a per-frame uniform, and this corpus has 165 label(s), of which 87 are patches -- a label a later stroke covers, redrawn into its own small offscreen target and composited back after the main pass so the covering geometry still wins. Only present when SPIKE_TEXT=true; at its default the corpus carries no text and both counts are 0. DRAW_TEXT=false is criterion 11's control: it asks the painter to suppress every text op, so a run at DRAW_TEXT=false against the same SPIKE_TEXT=true corpus isolates the cost of drawing text as a difference between the two runs, not a single number read alone. Fills are only in this corpus when SPIKE_FILLS=true; at its default the corpus carries none and skippedOps is 0 on this account regardless. Butt caps only -- Plan B emits no cap geometry. No antialiasing. Dash patterns are evaluated per fragment against the live camera since Plan C, collapse rule included, so nothing about them is baked. Every remaining gap favours arm C on a timing comparison, which is why the picture matters as much as the numbers here.
flutter: GSPIKE D residentGpu (DraftCanvas): first rebuild landed after 0 frame(s) -- walk 12.8 classify 8.1 upload 1.5 total 22.4 ms (COLD: the first GPU call of the process pays pipeline creation)
flutter: GSPIKE --- repeat 1 of 3 ---
flutter: GSPIKE A painter (untiled) | hold | build  p50=0.04 p95=0.14 max=0.44 mean=0.07 (ms, n=27)
flutter: GSPIKE A painter (untiled) | hold | raster p50=4.43 p95=11.34 max=17.89 mean=5.37 (ms, n=27)
flutter: GSPIKE A painter (untiled) | pan | build  p50=7.24 p95=14.13 max=28.68 mean=8.72 (ms, n=25)
flutter: GSPIKE A painter (untiled) | pan | raster p50=3.40 p95=6.33 max=6.50 mean=3.72 (ms, n=25)
flutter: GSPIKE A painter (untiled) | zoom | build  p50=7.80 p95=15.55 max=28.45 mean=9.01 (ms, n=24)
flutter: GSPIKE A painter (untiled) | zoom | raster p50=5.60 p95=9.82 max=14.98 mean=6.09 (ms, n=24)
flutter: GSPIKE B tiles (blit) | hold | build  p50=0.22 p95=0.27 max=0.35 mean=0.22 (ms, n=26)
flutter: GSPIKE B tiles (blit) | hold | raster p50=1.00 p95=1.27 max=1.90 mean=1.08 (ms, n=26)
flutter: GSPIKE B tiles (blit) | pan | build  p50=0.30 p95=0.38 max=0.54 mean=0.30 (ms, n=26)
flutter: GSPIKE B tiles (blit) | pan | raster p50=0.86 p95=1.04 max=1.04 mean=0.76 (ms, n=26)
flutter: GSPIKE B tiles (blit) | zoom | build  p50=0.23 p95=0.44 max=0.80 mean=0.26 (ms, n=26)
flutter: GSPIKE B tiles (blit) | zoom | raster p50=0.77 p95=1.03 max=4.10 mean=0.87 (ms, n=26)
flutter: GSPIKE C residentGpu (jet_cad_2d_flutter) | hold | build  p50=0.05 p95=0.16 max=0.41 mean=0.07 (ms, n=27)
flutter: GSPIKE C residentGpu (jet_cad_2d_flutter) | hold | raster p50=3.32 p95=5.25 max=9.53 mean=3.67 (ms, n=27)
flutter: GSPIKE C residentGpu (jet_cad_2d_flutter) | hold | gpu submits=0 of 30 frames
flutter: GSPIKE C residentGpu (jet_cad_2d_flutter) | hold | patches rendered=87 clipped=0 offscreen=0
flutter: GSPIKE C residentGpu (jet_cad_2d_flutter) | pan | build  p50=2.40 p95=4.05 max=4.96 mean=2.57 (ms, n=26)
flutter: GSPIKE C residentGpu (jet_cad_2d_flutter) | pan | raster p50=3.20 p95=4.05 max=4.69 mean=3.12 (ms, n=26)
flutter: GSPIKE C residentGpu (jet_cad_2d_flutter) | pan | gpu submits=30 of 30 frames
flutter: GSPIKE C residentGpu (jet_cad_2d_flutter) | pan | patches rendered=87 clipped=0 offscreen=0
flutter: GSPIKE C residentGpu (jet_cad_2d_flutter) | zoom | build  p50=2.27 p95=5.68 max=8.94 mean=2.56 (ms, n=26)
flutter: GSPIKE C residentGpu (jet_cad_2d_flutter) | zoom | raster p50=3.09 p95=7.27 max=8.49 mean=3.39 (ms, n=26)
flutter: GSPIKE C residentGpu (jet_cad_2d_flutter) | zoom | gpu submits=30 of 30 frames
flutter: GSPIKE C residentGpu (jet_cad_2d_flutter) | zoom | patches rendered=49 clipped=0 offscreen=38
flutter: GSPIKE D residentGpu (DraftCanvas) | hold | build  p50=0.04 p95=0.24 max=0.38 mean=0.07 (ms, n=27)
flutter: GSPIKE D residentGpu (DraftCanvas) | hold | raster p50=3.45 p95=5.64 max=10.10 mean=3.79 (ms, n=27)
flutter: GSPIKE D residentGpu (DraftCanvas) | hold | gpu submits=0 of 30 frames
flutter: GSPIKE D residentGpu (DraftCanvas) | hold | patches rendered=92 clipped=0 offscreen=0
flutter: GSPIKE D residentGpu (DraftCanvas) | pan | build  p50=2.66 p95=5.73 max=10.61 mean=3.23 (ms, n=26)
flutter: GSPIKE D residentGpu (DraftCanvas) | pan | raster p50=3.32 p95=7.25 max=8.06 mean=3.58 (ms, n=26)
flutter: GSPIKE D residentGpu (DraftCanvas) | pan | gpu submits=30 of 30 frames
flutter: GSPIKE D residentGpu (DraftCanvas) | pan | patches rendered=92 clipped=0 offscreen=0
flutter: GSPIKE D residentGpu (DraftCanvas) | zoom | build  p50=2.43 p95=6.02 max=10.44 mean=2.79 (ms, n=26)
flutter: GSPIKE D residentGpu (DraftCanvas) | zoom | raster p50=3.23 p95=11.68 max=11.94 mean=3.88 (ms, n=26)
flutter: GSPIKE D residentGpu (DraftCanvas) | zoom | gpu submits=30 of 30 frames
flutter: GSPIKE D residentGpu (DraftCanvas) | zoom | patches rendered=50 clipped=0 offscreen=42
flutter: GSPIKE D residentGpu (DraftCanvas) rebuild | r1 | CommandApplied | trigger=document walk 9.62 classify 6.86 upload 1.48 total 26.93 ms | landed after 2 frame(s) | instances=106853 patches=90 buffer=6.79 MB
flutter: GSPIKE D residentGpu (DraftCanvas) rebuild | r1 | CommandUndone | trigger=document walk 9.42 classify 5.96 upload 1.53 total 18.93 ms | landed after 2 frame(s) | instances=106852 patches=87 buffer=6.79 MB
flutter: GSPIKE D residentGpu (DraftCanvas) rebuild | r1 | CommandRedone | trigger=document walk 9.43 classify 5.91 upload 1.26 total 18.50 ms | landed after 2 frame(s) | instances=106853 patches=90 buffer=6.79 MB
flutter: GSPIKE D residentGpu (DraftCanvas) rebuild | r1 | DocumentLoaded | trigger=document walk 8.85 classify 6.31 upload 1.31 total 16.48 ms | landed after 2 frame(s) | instances=106853 patches=90 buffer=6.79 MB
flutter: GSPIKE D residentGpu (DraftCanvas) rebuild | r1 | DocumentPurged | trigger=document walk 8.44 classify 5.60 upload 1.31 total 17.16 ms | landed after 2 frame(s) | instances=106853 patches=90 buffer=6.79 MB
flutter: GSPIKE D residentGpu (DraftCanvas) rebuild | r1 | tables | trigger=tables walk 9.56 classify 5.27 upload 1.27 total 16.11 ms | landed after 2 frame(s) | instances=106853 patches=90 buffer=6.79 MB
flutter: GSPIKE D residentGpu (DraftCanvas) rebuild | r1 | devicePixelRatio | trigger=devicePixelRatio walk 9.32 classify 5.27 upload 1.15 total 15.75 ms | landed after 2 frame(s) | instances=106853 patches=90 buffer=6.78 MB
flutter: GSPIKE D residentGpu (DraftCanvas) rebuild | r1 | devicePixelRatio back | trigger=devicePixelRatio walk 9.38 classify 5.39 upload 1.27 total 16.05 ms | landed after 2 frame(s) | instances=106853 patches=90 buffer=6.79 MB
flutter: GSPIKE D residentGpu (DraftCanvas) rebuild | r1 | band out | trigger=band walk 12.84 classify 7.32 upload 1.48 total 21.65 ms | landed after 2 frame(s) | instances=153215 patches=87 buffer=9.57 MB
flutter: GSPIKE D residentGpu (DraftCanvas) rebuild | r1 | band back | trigger=band walk 6.94 classify 5.33 upload 1.25 total 13.53 ms | landed after 2 frame(s) | instances=106853 patches=90 buffer=6.79 MB
flutter: GSPIKE --- repeat 2 of 3 ---
flutter: GSPIKE A painter (untiled) | hold | build  p50=0.05 p95=0.14 max=0.27 mean=0.07 (ms, n=27)
flutter: GSPIKE A painter (untiled) | hold | raster p50=4.46 p95=8.47 max=14.99 mean=5.25 (ms, n=27)
flutter: GSPIKE A painter (untiled) | pan | build  p50=7.40 p95=12.96 max=22.30 mean=8.49 (ms, n=25)
flutter: GSPIKE A painter (untiled) | pan | raster p50=3.46 p95=6.55 max=6.76 mean=3.79 (ms, n=25)
flutter: GSPIKE A painter (untiled) | zoom | build  p50=9.09 p95=15.48 max=27.34 mean=9.42 (ms, n=22)
flutter: GSPIKE A painter (untiled) | zoom | raster p50=4.58 p95=5.59 max=7.91 mean=4.52 (ms, n=22)
flutter: GSPIKE B tiles (blit) | hold | build  p50=0.23 p95=0.34 max=0.41 mean=0.23 (ms, n=26)
flutter: GSPIKE B tiles (blit) | hold | raster p50=1.00 p95=1.42 max=1.51 mean=1.04 (ms, n=26)
flutter: GSPIKE B tiles (blit) | pan | build  p50=0.47 p95=0.73 max=0.85 mean=0.48 (ms, n=26)
flutter: GSPIKE B tiles (blit) | pan | raster p50=1.19 p95=1.38 max=1.43 mean=1.15 (ms, n=26)
flutter: GSPIKE B tiles (blit) | zoom | build  p50=0.33 p95=0.44 max=1.01 mean=0.35 (ms, n=26)
flutter: GSPIKE B tiles (blit) | zoom | raster p50=1.00 p95=1.34 max=4.23 mean=1.08 (ms, n=26)
flutter: GSPIKE C residentGpu (jet_cad_2d_flutter) | hold | build  p50=0.04 p95=0.28 max=0.35 mean=0.07 (ms, n=27)
flutter: GSPIKE C residentGpu (jet_cad_2d_flutter) | hold | raster p50=3.31 p95=6.32 max=9.57 mean=3.71 (ms, n=27)
flutter: GSPIKE C residentGpu (jet_cad_2d_flutter) | hold | gpu submits=0 of 30 frames
flutter: GSPIKE C residentGpu (jet_cad_2d_flutter) | hold | patches rendered=87 clipped=0 offscreen=0
flutter: GSPIKE C residentGpu (jet_cad_2d_flutter) | pan | build  p50=2.35 p95=3.36 max=5.27 mean=2.52 (ms, n=26)
flutter: GSPIKE C residentGpu (jet_cad_2d_flutter) | pan | raster p50=3.15 p95=3.42 max=4.04 mean=2.90 (ms, n=26)
flutter: GSPIKE C residentGpu (jet_cad_2d_flutter) | pan | gpu submits=30 of 30 frames
flutter: GSPIKE C residentGpu (jet_cad_2d_flutter) | pan | patches rendered=87 clipped=0 offscreen=0
flutter: GSPIKE C residentGpu (jet_cad_2d_flutter) | zoom | build  p50=2.17 p95=3.41 max=5.19 mean=2.15 (ms, n=27)
flutter: GSPIKE C residentGpu (jet_cad_2d_flutter) | zoom | raster p50=3.13 p95=4.94 max=6.15 mean=3.22 (ms, n=27)
flutter: GSPIKE C residentGpu (jet_cad_2d_flutter) | zoom | gpu submits=30 of 30 frames
flutter: GSPIKE C residentGpu (jet_cad_2d_flutter) | zoom | patches rendered=49 clipped=0 offscreen=38
flutter: GSPIKE D residentGpu (DraftCanvas) | hold | build  p50=0.04 p95=0.25 max=0.40 mean=0.07 (ms, n=27)
flutter: GSPIKE D residentGpu (DraftCanvas) | hold | raster p50=3.21 p95=9.12 max=10.68 mean=3.75 (ms, n=27)
flutter: GSPIKE D residentGpu (DraftCanvas) | hold | gpu submits=0 of 30 frames
flutter: GSPIKE D residentGpu (DraftCanvas) | hold | patches rendered=90 clipped=0 offscreen=0
flutter: GSPIKE D residentGpu (DraftCanvas) | pan | build  p50=2.49 p95=6.02 max=8.54 mean=3.06 (ms, n=27)
flutter: GSPIKE D residentGpu (DraftCanvas) | pan | raster p50=3.38 p95=8.04 max=8.54 mean=3.82 (ms, n=27)
flutter: GSPIKE D residentGpu (DraftCanvas) | pan | gpu submits=30 of 30 frames
flutter: GSPIKE D residentGpu (DraftCanvas) | pan | patches rendered=90 clipped=0 offscreen=0
flutter: GSPIKE D residentGpu (DraftCanvas) | zoom | build  p50=2.33 p95=5.29 max=8.27 mean=2.49 (ms, n=26)
flutter: GSPIKE D residentGpu (DraftCanvas) | zoom | raster p50=3.16 p95=6.68 max=9.38 mean=3.40 (ms, n=26)
flutter: GSPIKE D residentGpu (DraftCanvas) | zoom | gpu submits=30 of 30 frames
flutter: GSPIKE D residentGpu (DraftCanvas) | zoom | patches rendered=52 clipped=0 offscreen=38
flutter: GSPIKE D residentGpu (DraftCanvas) rebuild | r2 | CommandApplied | trigger=document walk 14.69 classify 6.94 upload 1.75 total 25.93 ms | landed after 2 frame(s) | instances=106854 patches=90 buffer=6.79 MB
flutter: GSPIKE D residentGpu (DraftCanvas) rebuild | r2 | CommandUndone | trigger=document walk 10.03 classify 6.67 upload 1.50 total 19.71 ms | landed after 2 frame(s) | instances=106853 patches=90 buffer=6.79 MB
flutter: GSPIKE D residentGpu (DraftCanvas) rebuild | r2 | CommandRedone | trigger=document walk 10.08 classify 6.18 upload 1.51 total 19.20 ms | landed after 2 frame(s) | instances=106854 patches=90 buffer=6.79 MB
flutter: GSPIKE D residentGpu (DraftCanvas) rebuild | r2 | DocumentLoaded | trigger=document walk 10.01 classify 7.34 upload 1.46 total 18.82 ms | landed after 2 frame(s) | instances=106854 patches=90 buffer=6.79 MB
flutter: GSPIKE D residentGpu (DraftCanvas) rebuild | r2 | DocumentPurged | trigger=document walk 9.99 classify 6.08 upload 1.52 total 19.08 ms | landed after 2 frame(s) | instances=106854 patches=90 buffer=6.79 MB
flutter: GSPIKE D residentGpu (DraftCanvas) rebuild | r2 | tables | trigger=tables walk 10.04 classify 5.89 upload 1.51 total 17.46 ms | landed after 2 frame(s) | instances=106854 patches=90 buffer=6.79 MB
flutter: GSPIKE D residentGpu (DraftCanvas) rebuild | r2 | devicePixelRatio | trigger=devicePixelRatio walk 9.58 classify 5.68 upload 1.22 total 16.49 ms | landed after 2 frame(s) | instances=106854 patches=90 buffer=6.78 MB
flutter: GSPIKE D residentGpu (DraftCanvas) rebuild | r2 | devicePixelRatio back | trigger=devicePixelRatio walk 9.98 classify 5.36 upload 1.30 total 16.64 ms | landed after 2 frame(s) | instances=106854 patches=90 buffer=6.79 MB
flutter: GSPIKE D residentGpu (DraftCanvas) rebuild | r2 | band out | trigger=band walk 12.64 classify 7.01 upload 1.35 total 21.00 ms | landed after 2 frame(s) | instances=153216 patches=87 buffer=9.57 MB
flutter: GSPIKE D residentGpu (DraftCanvas) rebuild | r2 | band back | trigger=band walk 8.03 classify 5.45 upload 1.23 total 14.71 ms | landed after 2 frame(s) | instances=106854 patches=90 buffer=6.79 MB
flutter: GSPIKE --- repeat 3 of 3 ---
flutter: GSPIKE A painter (untiled) | hold | build  p50=0.04 p95=0.19 max=0.35 mean=0.06 (ms, n=27)
flutter: GSPIKE A painter (untiled) | hold | raster p50=4.70 p95=9.87 max=17.55 mean=5.57 (ms, n=27)
flutter: GSPIKE A painter (untiled) | pan | build  p50=7.40 p95=9.39 max=9.43 mean=7.56 (ms, n=26)
flutter: GSPIKE A painter (untiled) | pan | raster p50=3.54 p95=4.67 max=6.17 mean=3.64 (ms, n=26)
flutter: GSPIKE A painter (untiled) | zoom | build  p50=7.59 p95=14.71 max=25.72 mean=8.52 (ms, n=25)
flutter: GSPIKE A painter (untiled) | zoom | raster p50=3.65 p95=5.31 max=6.97 mean=3.66 (ms, n=25)
flutter: GSPIKE B tiles (blit) | hold | build  p50=0.24 p95=0.29 max=0.32 mean=0.23 (ms, n=26)
flutter: GSPIKE B tiles (blit) | hold | raster p50=1.17 p95=1.41 max=1.61 mean=1.13 (ms, n=26)
flutter: GSPIKE B tiles (blit) | pan | build  p50=0.44 p95=0.56 max=0.89 mean=0.45 (ms, n=26)
flutter: GSPIKE B tiles (blit) | pan | raster p50=1.21 p95=1.41 max=1.47 mean=1.19 (ms, n=26)
flutter: GSPIKE B tiles (blit) | zoom | build  p50=0.25 p95=0.46 max=0.84 mean=0.29 (ms, n=26)
flutter: GSPIKE B tiles (blit) | zoom | raster p50=0.77 p95=1.12 max=4.88 mean=0.95 (ms, n=26)
flutter: GSPIKE C residentGpu (jet_cad_2d_flutter) | hold | build  p50=0.05 p95=0.14 max=0.41 mean=0.07 (ms, n=27)
flutter: GSPIKE C residentGpu (jet_cad_2d_flutter) | hold | raster p50=3.31 p95=5.26 max=9.47 mean=3.68 (ms, n=27)
flutter: GSPIKE C residentGpu (jet_cad_2d_flutter) | hold | gpu submits=0 of 30 frames
flutter: GSPIKE C residentGpu (jet_cad_2d_flutter) | hold | patches rendered=87 clipped=0 offscreen=0
flutter: GSPIKE C residentGpu (jet_cad_2d_flutter) | pan | build  p50=2.54 p95=5.45 max=7.10 mean=2.94 (ms, n=27)
flutter: GSPIKE C residentGpu (jet_cad_2d_flutter) | pan | raster p50=3.16 p95=8.10 max=9.25 mean=3.56 (ms, n=27)
flutter: GSPIKE C residentGpu (jet_cad_2d_flutter) | pan | gpu submits=30 of 30 frames
flutter: GSPIKE C residentGpu (jet_cad_2d_flutter) | pan | patches rendered=87 clipped=0 offscreen=0
flutter: GSPIKE C residentGpu (jet_cad_2d_flutter) | zoom | build  p50=2.11 p95=6.27 max=10.09 mean=2.59 (ms, n=27)
flutter: GSPIKE C residentGpu (jet_cad_2d_flutter) | zoom | raster p50=3.02 p95=7.50 max=9.13 mean=3.57 (ms, n=27)
flutter: GSPIKE C residentGpu (jet_cad_2d_flutter) | zoom | gpu submits=30 of 30 frames
flutter: GSPIKE C residentGpu (jet_cad_2d_flutter) | zoom | patches rendered=49 clipped=0 offscreen=38
flutter: GSPIKE D residentGpu (DraftCanvas) | hold | build  p50=0.05 p95=0.14 max=0.39 mean=0.07 (ms, n=27)
flutter: GSPIKE D residentGpu (DraftCanvas) | hold | raster p50=3.37 p95=8.73 max=8.89 mean=3.71 (ms, n=27)
flutter: GSPIKE D residentGpu (DraftCanvas) | hold | gpu submits=0 of 30 frames
flutter: GSPIKE D residentGpu (DraftCanvas) | hold | patches rendered=90 clipped=0 offscreen=0
flutter: GSPIKE D residentGpu (DraftCanvas) | pan | build  p50=2.60 p95=6.21 max=9.89 mean=3.01 (ms, n=26)
flutter: GSPIKE D residentGpu (DraftCanvas) | pan | raster p50=3.22 p95=6.75 max=7.89 mean=3.27 (ms, n=26)
flutter: GSPIKE D residentGpu (DraftCanvas) | pan | gpu submits=30 of 30 frames
flutter: GSPIKE D residentGpu (DraftCanvas) | pan | patches rendered=90 clipped=0 offscreen=0
flutter: GSPIKE D residentGpu (DraftCanvas) | zoom | build  p50=2.34 p95=6.08 max=9.83 mean=2.71 (ms, n=26)
flutter: GSPIKE D residentGpu (DraftCanvas) | zoom | raster p50=3.11 p95=7.46 max=9.02 mean=3.50 (ms, n=26)
flutter: GSPIKE D residentGpu (DraftCanvas) | zoom | gpu submits=30 of 30 frames
flutter: GSPIKE D residentGpu (DraftCanvas) | zoom | patches rendered=52 clipped=0 offscreen=38
flutter: GSPIKE D residentGpu (DraftCanvas) rebuild | r3 | CommandApplied | trigger=document walk 9.93 classify 6.83 upload 1.61 total 28.01 ms | landed after 2 frame(s) | instances=106855 patches=90 buffer=6.79 MB
flutter: GSPIKE D residentGpu (DraftCanvas) rebuild | r3 | CommandUndone | trigger=document walk 9.50 classify 6.70 upload 1.41 total 19.58 ms | landed after 2 frame(s) | instances=106854 patches=90 buffer=6.79 MB
flutter: GSPIKE D residentGpu (DraftCanvas) rebuild | r3 | CommandRedone | trigger=document walk 8.56 classify 5.87 upload 1.44 total 17.31 ms | landed after 2 frame(s) | instances=106855 patches=90 buffer=6.79 MB
flutter: GSPIKE D residentGpu (DraftCanvas) rebuild | r3 | DocumentLoaded | trigger=document walk 9.06 classify 6.51 upload 1.27 total 16.84 ms | landed after 2 frame(s) | instances=106855 patches=90 buffer=6.79 MB
flutter: GSPIKE D residentGpu (DraftCanvas) rebuild | r3 | DocumentPurged | trigger=document walk 8.51 classify 5.45 upload 1.29 total 17.61 ms | landed after 2 frame(s) | instances=106855 patches=90 buffer=6.79 MB
flutter: GSPIKE D residentGpu (DraftCanvas) rebuild | r3 | tables | trigger=tables walk 9.16 classify 5.31 upload 1.09 total 15.56 ms | landed after 2 frame(s) | instances=106855 patches=90 buffer=6.79 MB
flutter: GSPIKE D residentGpu (DraftCanvas) rebuild | r3 | devicePixelRatio | trigger=devicePixelRatio walk 9.49 classify 6.03 upload 1.39 total 16.91 ms | landed after 2 frame(s) | instances=106855 patches=90 buffer=6.78 MB
flutter: GSPIKE D residentGpu (DraftCanvas) rebuild | r3 | devicePixelRatio back | trigger=devicePixelRatio walk 7.10 classify 6.74 upload 1.27 total 15.11 ms | landed after 2 frame(s) | instances=106855 patches=90 buffer=6.79 MB
flutter: GSPIKE D residentGpu (DraftCanvas) rebuild | r3 | band out | trigger=band walk 8.85 classify 8.09 upload 1.44 total 18.38 ms | landed after 2 frame(s) | instances=153217 patches=87 buffer=9.57 MB
flutter: GSPIKE D residentGpu (DraftCanvas) rebuild | r3 | band back | trigger=band walk 6.86 classify 5.34 upload 1.19 total 13.40 ms | landed after 2 frame(s) | instances=106855 patches=90 buffer=6.79 MB
flutter: GSPIKE D residentGpu (DraftCanvas) | bandexit | build  p50=2.02 p95=5.98 max=9.32 mean=2.15 (ms, n=37)
flutter: GSPIKE D residentGpu (DraftCanvas) | bandexit | raster p50=3.09 p95=5.77 max=8.59 mean=3.42 (ms, n=37)
flutter: GSPIKE D residentGpu (DraftCanvas) | bandexit | exitStep=36 landedAtStep=37 staleFrames=1 submits=-1 lastTrigger=band (criterion 9: the stale interval after a mid-gesture band exit, reported without a threshold)
flutter: GSPIKE alloc | 694.0/frame | dart:typed_data _Float64List
flutter: GSPIKE alloc | 300.9/frame | dart:typed_data _Int64List
flutter: GSPIKE alloc | 288.9/frame | dart:ui Rect
flutter: GSPIKE alloc | 108.9/frame | dart:typed_data _Uint32List
flutter: GSPIKE alloc | 95.6/frame | dart:ui _Image
flutter: GSPIKE alloc | 95.6/frame | dart:ui Image
flutter: GSPIKE alloc | 94.6/frame | package:jet_cad_2d_flutter/src/gpu/text_compositor.dart PatchImage
flutter: GSPIKE alloc | 91.1/frame | dart:typed_data _Float32List
flutter: GSPIKE alloc | 89.9/frame | package:flutter_gpu/gpu.dart BufferView
flutter: GSPIKE alloc | 88.0/frame | package:flutter_gpu/gpu.dart RenderPass
flutter: GSPIKE alloc | 88.0/frame | package:flutter_gpu/gpu.dart RenderTarget
flutter: GSPIKE alloc | 88.0/frame | package:flutter_gpu/gpu.dart ColorAttachment
flutter: GSPIKE alloc | 88.0/frame | package:flutter_gpu/gpu.dart CommandBuffer
flutter: GSPIKE alloc | 11.0/frame | package:jet_cad_2d_flutter/src/gpu/resident_text.dart ResidentTextRecord
flutter: GSPIKE alloc | 10.2/frame | dart:typed_data _Int32List
flutter: GSPIKE alloc: arm=D residentGpu (DraftCanvas) perFrame=2333.2 patches=90 (the LAST frame's patchesRendered, not a sum) budget=2200 (kAllocFixed=40 + kAllocPerPatch=24 x P) -> MISS | frames=30 classes=142 total=69997 -- read the per-class lines above before believing a MISS: the sum includes the rig's own per-frame ViewportTransform (camera.panBy) and dart:ui compositing objects, which are not the resident frame path
flutter: GSPIKE done: 36 phase reports above.
Application finished.
